// Jest Snapshot v1, https://goo.gl/fbAQLP

exports[`Pruebas en compnente <SpinnerPart/> debe renderizarse correctamente 1`] = `
.c0 {
  box-sizing: border-box;
  position: absolute;
  width: 100%;
  height: 100%;
  border: 8px solid transparent;
  border-top-color: #9CA3AF;
  border-radius: 50%;
  -webkit-animation: bwOoWs 1.2s linear infinite;
  animation: bwOoWs 1.2s linear infinite;
}

.c0:nth-child(2) {
  border: 8px solid transparent;
  border-bottom-color: #9CA3AF;
  -webkit-animation: dotDJp 1.2s linear infinite;
  animation: dotDJp 1.2s linear infinite;
}

<div
  class="c0"
/>
`;
