// Jest Snapshot v1, https://goo.gl/fbAQLP

exports[`Pruebas en el componente <Modal/> debe renderizarse el componente correctamente 1`] = `
.c0 {
  width: 100vw;
  position: fixed;
  top: 0;
  bottom: 0;
  left: 0;
  right: 0;
  display: -webkit-box;
  display: -webkit-flex;
  display: -ms-flexbox;
  display: flex;
  -webkit-animation: iwwYms 0.6s ease-in-out forwards;
  animation: iwwYms 0.6s ease-in-out forwards;
  -webkit-box-pack: center;
  -webkit-justify-content: center;
  -ms-flex-pack: center;
  justify-content: center;
  -webkit-align-items: center;
  -webkit-box-align: center;
  -ms-flex-align: center;
  align-items: center;
  overflow-y: auto;
  z-index: 999;
}

.c1 {
  width: 400px;
  font-family: 'Sora',sans-serif;
  box-shadow: 0 5px 16px rgba(0,0,0,0.2);
  background: #fff;
  color: #000;
  display: grid;
  grid-template-columns: 1fr;
  position: relative;
  z-index: 10;
  border-radius: 10px;
}

.c2 {
  display: -webkit-box;
  display: -webkit-flex;
  display: -ms-flexbox;
  display: flex;
  -webkit-flex-direction: column;
  -ms-flex-direction: column;
  flex-direction: column;
  -webkit-box-pack: center;
  -webkit-justify-content: center;
  -ms-flex-pack: center;
  justify-content: center;
  -webkit-align-items: center;
  -webkit-box-align: center;
  -ms-flex-align: center;
  align-items: center;
  line-height: 1.8;
  color: #141414;
  padding: 1rem;
}

.c3 {
  cursor: pointer;
  position: absolute;
  top: 20px;
  right: 20px;
  width: 32px;
  height: 32px;
  padding: 0;
  z-index: 10;
}

@media screen and (max-width:930px) {
  .c1 {
    grid-template-columns: 1fr;
    width: 400px;
  }
}

<div
  class="c0"
>
  <div
    style="opacity: 1; transform: translateY(0%);"
  >
    <div
      class="c1"
    >
      <div
        class="c2"
      />
      <svg
        aria-label="Close modal"
        class="c3"
        fill="currentColor"
        height="1em"
        stroke="currentColor"
        stroke-width="0"
        viewBox="0 0 24 24"
        width="1em"
        xmlns="http://www.w3.org/2000/svg"
      >
        <path
          d="M19 6.41L17.59 5 12 10.59 6.41 5 5 6.41 10.59 12 5 17.59 6.41 19 12 13.41 17.59 19 19 17.59 13.41 12z"
        />
      </svg>
    </div>
  </div>
</div>
`;
